.next/dev/types/validator.ts(108,31): error TS2344: Type 'typeof import("C:/Users/vaibhav ghoshi/OneDrive/Desktop/socialgrind/src/app/api/users/[id]/follow/route")' does not satisfy the constraint 'RouteHandlerConfig<"/api/users/[id]/follow">'.
  Types of property 'POST' are incompatible.
    Type '(req: NextRequest, { params }: { params: { id: string; }; }) => Promise<NextResponse<{ error: string; }> | NextResponse<{ success: boolean; following: boolean; }>>' is not assignable to type '(request: NextRequest, context: { params: Promise<{ id: string; }>; }) => void | Response | Promise<void | Response>'.
      Types of parameters '__1' and 'context' are incompatible.
        Type '{ params: Promise<{ id: string; }>; }' is not assignable to type '{ params: { id: string; }; }'.
          Types of property 'params' are incompatible.
            Property 'id' is missing in type 'Promise<{ id: string; }>' but required in type '{ id: string; }'.
.next/dev/types/validator.ts(117,31): error TS2344: Type 'typeof import("C:/Users/vaibhav ghoshi/OneDrive/Desktop/socialgrind/src/app/api/users/[id]/route")' does not satisfy the constraint 'RouteHandlerConfig<"/api/users/[id]">'.
  Types of property 'GET' are incompatible.
    Type '(req: NextRequest, { params }: { params: { id: string; }; }) => Promise<NextResponse<{ error: string; }> | NextResponse<{ useProfile: { id: string; name: any; email: any; image: any; followersCount: any; followingCount: any; isFollowing: boolean; }; isOwner: boolean; }>>' is not assignable to type '(request: NextRequest, context: { params: Promise<{ id: string; }>; }) => void | Response | Promise<void | Response>'.
      Types of parameters '__1' and 'context' are incompatible.
        Type '{ params: Promise<{ id: string; }>; }' is not assignable to type '{ params: { id: string; }; }'.
          Types of property 'params' are incompatible.
            Property 'id' is missing in type 'Promise<{ id: string; }>' but required in type '{ id: string; }'.
